
> spondylus-pulse@0.0.0 build
> vite build

[36mvite v6.4.1 [32mbuilding for production...[36m[39m
transforming...
node.exe : [33m[plugin vite:esbuild] App.tsx: [33mThis case clause will never be 
evaluated because it duplicates an earlier case clause[33m
En línea: 1 Carácter: 1
+ & "C:\Program Files\nodejs/node.exe" "C:\Users\Frank\AppData\Roaming\ ...
+ ~~~~~~~~~~~~~~~~~~~~~~~~~~~~~~~~~~~~~~~~~~~~~~~~~~~~~~~~~~~~~~~~~~~~~
    + CategoryInfo              : NotSpecified: ([33m[p    lugin vi...ase clause[3   
 3m:String) [], RemoteExc    eption
    + FullyQualifiedErrorId     : NativeCommandError
 
1900|          return <Community />;
1901|  
1902|        case 'history':
   |             ^
1903|          return (
1904|            <div className="p-6 pt-20 flex flex-col gap-6 h-full overflow-y-auto 
pb-24 no-scrollbar bg-[#020617]">
[39m
Found 1 warning while optimizing generated CSS:

[2mÔöé   }[22m
[2mÔöé }[22m
[2mÔöé[22m @import url('https://fonts.googleapis.com/css2?family=Plus+Jakarta+Sans:wg
ht@200;300;400;500;600;700;800;900&display=swap');
[2mÔöå[22m        [33m[2m^--[22m @import rules must precede all rules aside from 
@charset and @layer statements[39m
[2mÔöå[22m
[2mÔöé :root {[22m
[2mÔöé   --bg-dark: #0f172a;[22m

[32mÔ£ô[39m 1801 modules transformed.
rendering chunks...
computing gzip size...
[2mdist/[22m[32mindex.html                 [39m[1m[2m    1.33 kB[22m[1m[22m[2m Ôöé gzip:   0.71 kB[22m
[2mdist/[22m[35massets/index-BWpveJOj.css  [39m[1m[2m  121.26 kB[22m[1m[22m[2m Ôöé gzip:  16.04 kB[22m
[2mdist/[22m[36massets/index-WIohDTe2.js   [39m[1m[33m1,427.23 kB[39m[22m[2m Ôöé gzip: 359.50 kB[22m
[33m
(!) Some chunks are larger than 500 kB after minification. Consider:
- Using dynamic import() to code-split the application
- Use build.rollupOptions.output.manualChunks to improve chunking: 
https://rollupjs.org/configuration-options/#output-manualchunks
- Adjust chunk size limit for this warning via build.chunkSizeWarningLimit.[39m
[32mÔ£ô built in 3.90s[39m
