components/Map/MapView.tsx(4,40): error TS2307: Cannot find module '../types.ts' or its corresponding type declarations.
components/Map/MapView.tsx(5,52): error TS2307: Cannot find module '../constants.ts' or its corresponding type declarations.
constants.ts(92,3): error TS2741: Property 'ownerId' is missing in type '{ id: string; name: string; sector: Sector.PLAYA; description: string; icon: string; isVerified: true; coordinates: [number, number]; imageUrl: string; plan: SubscriptionPlan.BASIC; locality: string; }' but required in type 'Business'.
constants.ts(104,3): error TS2741: Property 'ownerId' is missing in type '{ id: string; name: string; sector: Sector.CENTRO; description: string; icon: string; isVerified: true; coordinates: [number, number]; imageUrl: string; plan: SubscriptionPlan.BASIC; locality: string; }' but required in type 'Business'.
constants.ts(116,3): error TS2741: Property 'ownerId' is missing in type '{ id: string; name: string; sector: Sector.TIGRILLO; description: string; icon: string; isVerified: true; coordinates: [number, number]; imageUrl: string; plan: SubscriptionPlan.BASIC; locality: string; }' but required in type 'Business'.
constants.ts(128,3): error TS2741: Property 'ownerId' is missing in type '{ id: string; name: string; sector: Sector.LA_PUNTA; description: string; icon: string; isVerified: true; coordinates: [number, number]; imageUrl: string; plan: SubscriptionPlan.BASIC; locality: string; }' but required in type 'Business'.
constants.ts(140,3): error TS2741: Property 'ownerId' is missing in type '{ id: string; name: string; sector: Sector.MONTANA; description: string; icon: string; isVerified: true; coordinates: [number, number]; imageUrl: string; plan: SubscriptionPlan.BASIC; locality: string; }' but required in type 'Business'.
constants.ts(152,3): error TS2741: Property 'ownerId' is missing in type '{ id: string; name: string; sector: Sector.CENTRO; description: string; icon: string; isVerified: true; coordinates: [number, number]; imageUrl: string; plan: SubscriptionPlan.BASIC; locality: string; }' but required in type 'Business'.
constants.ts(164,3): error TS2741: Property 'ownerId' is missing in type '{ id: string; name: string; sector: Sector.CENTRO; description: string; icon: string; isVerified: true; coordinates: [number, number]; imageUrl: string; plan: SubscriptionPlan.BASIC; locality: string; }' but required in type 'Business'.
constants.ts(176,3): error TS2741: Property 'ownerId' is missing in type '{ id: string; name: string; sector: Sector.LA_PUNTA; description: string; icon: string; isVerified: true; coordinates: [number, number]; imageUrl: string; plan: SubscriptionPlan.BASIC; locality: string; }' but required in type 'Business'.
constants.ts(188,3): error TS2741: Property 'ownerId' is missing in type '{ id: string; name: string; sector: Sector.PLAYA; description: string; icon: string; isVerified: true; coordinates: [number, number]; imageUrl: string; plan: SubscriptionPlan.BASIC; locality: string; }' but required in type 'Business'.
constants.ts(200,3): error TS2741: Property 'ownerId' is missing in type '{ id: string; name: string; sector: Sector.CENTRO; description: string; icon: string; isVerified: true; coordinates: [number, number]; imageUrl: string; plan: SubscriptionPlan.BASIC; locality: string; }' but required in type 'Business'.
constants.ts(212,3): error TS2741: Property 'ownerId' is missing in type '{ id: string; name: string; sector: Sector.PLAYA; description: string; icon: string; isVerified: true; coordinates: [number, number]; imageUrl: string; plan: SubscriptionPlan.BASIC; locality: string; }' but required in type 'Business'.
constants.ts(224,3): error TS2741: Property 'ownerId' is missing in type '{ id: string; name: string; sector: Sector.CENTRO; description: string; icon: string; isVerified: true; coordinates: [number, number]; imageUrl: string; plan: SubscriptionPlan.BASIC; locality: string; }' but required in type 'Business'.
constants.ts(236,3): error TS2741: Property 'ownerId' is missing in type '{ id: string; name: string; sector: Sector.PLAYA; description: string; icon: string; isVerified: true; coordinates: [number, number]; imageUrl: string; plan: SubscriptionPlan.BASIC; locality: string; }' but required in type 'Business'.
constants.ts(258,3): error TS2741: Property 'ownerId' is missing in type '{ id: string; businessId: string; title: string; description: string; startAt: Date; endAt: Date; category: string; vibe: Vibe.TECHNO; sector: Sector.CENTRO; imageUrl: string; interestedCount: number; }' but required in type 'MontanitaEvent'.
constants.ts(271,3): error TS2741: Property 'ownerId' is missing in type '{ id: string; businessId: string; title: string; description: string; startAt: Date; endAt: Date; category: string; vibe: Vibe.ADRENALINA; sector: Sector.LA_PUNTA; imageUrl: string; interestedCount: number; }' but required in type 'MontanitaEvent'.
constants.ts(284,3): error TS2741: Property 'ownerId' is missing in type '{ id: string; businessId: string; title: string; description: string; startAt: Date; endAt: Date; category: string; vibe: Vibe.WELLNESS; sector: Sector.TIGRILLO; imageUrl: string; interestedCount: number; }' but required in type 'MontanitaEvent'.
