components/Chat/ChatRoom.tsx(52,44): error TS2345: Argument of type '{ senderId: string; senderName: string; senderAvatar: string; text: string; roomId: string; isBusinessMessage: Business; }' is not assignable to parameter of type 'Omit<ChatMessage, "id" | "timestamp">'.
  Types of property 'isBusinessMessage' are incompatible.
    Type 'Business' is not assignable to type 'boolean'.
